// Jest Snapshot v1, https://goo.gl/fbAQLP

exports[`testing Adding Form  1`] = `
<div>
  <h1>
     this Add Page 
  </h1>
  <Form
    onSubmit={[Function]}
  />
</div>
`;
