// Jest Snapshot v1, https://goo.gl/fbAQLP

exports[`this is a fixture Data 1`] = `
<div>
  <h1>
     Expense List 
    w
  </h1>
  <Connect(Item)
    amount={300}
    createAt={"1970-01-01T00:00:00.101Z"}
    description="water Bill"
    id="ididididididididi"
    key="ididididididididi"
    note="this is a Note(0)"
  />
  <Connect(Item)
    amount={200}
    createAt={"1970-01-01T00:00:00.100Z"}
    description="gas Bill"
    note="this is a Note(1)"
  />
  <Connect(Item)
    amount={100}
    createAt={"1970-01-01T00:00:00.500Z"}
    description="phone Bill"
    note="this is a Note(2)"
  />
  <Connect(Item)
    amount={700}
    createAt={"1970-01-01T00:00:00.300Z"}
    description="university"
    note="this is a Note(3)"
  />
  <Connect(Item)
    amount={600}
    createAt={"1970-01-01T00:00:00.240Z"}
    description="apartment"
    note="this is a Note(4)"
  />
  <Connect(Item)
    amount={500}
    createAt={"1970-01-01T00:00:00.450Z"}
    description="child fee"
    note="this is a Note(5)"
  />
  <Connect(Item)
    amount={20}
    createAt={"1970-01-01T00:00:00.070Z"}
    description="bread "
    note="this is a Note(6)"
  />
</div>
`;

exports[`this is a fixture Data empty array 1`] = `
<p>
  Not Found Any Expences
</p>
`;
