// Jest Snapshot v1, https://goo.gl/fbAQLP

exports[`should renfer header correctly 1`] = `
<div>
  <h1>
    Header Text
  </h1>
  <NavLink
    activeClassName="active"
    ariaCurrent="true"
    exact={true}
    to="/"
  >
     Home  
  </NavLink>
  <NavLink
    activeClassName="active"
    ariaCurrent="true"
    to="/Help"
  >
     Help  
  </NavLink>
  <NavLink
    activeClassName="active"
    ariaCurrent="true"
    to="/Add"
  >
     Add 
  </NavLink>
  <NavLink
    activeClassName="active"
    ariaCurrent="true"
    to="/Edit"
  >
     Edit  
  </NavLink>
</div>
`;
