// Jest Snapshot v1, https://goo.gl/fbAQLP

exports[`HOME PAGE TESTING SnapShot 1`] = `
<div>
  HOme Page
  <Connect(ExpenseslistFilter) />
  <Connect(ExpenseList) />
</div>
`;
