// Jest Snapshot v1, https://goo.gl/fbAQLP

exports[`404 PAGE TESTING SnapShot 1`] = `
<div>
  NotFoundPage
</div>
`;
